#Framework		#Version	#Network (Ethernet and IPoIB; IB and RoCE only for RDMA-Hadoop-3)
#Hadoop-YARN		2.10.2		ETHERNET
#Hadoop-YARN		2.10.2		IPoIB
#Hadoop-YARN		3.0.3		ETHERNET
#Hadoop-YARN		3.0.3		IPoIB
#Hadoop-YARN		3.1.4		ETHERNET
#Hadoop-YARN		3.1.4		IPoIB
#Hadoop-YARN		3.2.4		ETHERNET
#Hadoop-YARN		3.2.4		IPoIB
#Hadoop-YARN		3.3.6		ETHERNET
#Hadoop-YARN		3.3.6		IPoIB
Hadoop-YARN		3.4.3		ETHERNET
#Hadoop-YARN		3.4.3		IPoIB
#Hadoop-YARN		3.5.0		ETHERNET
#Hadoop-YARN		3.5.0		IPoIB
#RDMA-Hadoop-3		0.9.1		IB
#RDMA-Hadoop-3		0.9.1		RoCE
#Spark			2.4.8		ETHERNET
#Spark			2.4.8		IPoIB
#Spark-YARN		2.4.8		ETHERNET
#Spark-YARN		2.4.8		IPoIB
#Spark                  3.0.3           ETHERNET
#Spark                  3.0.3           IPoIB
#Spark-YARN             3.0.3           ETHERNET
#Spark-YARN             3.0.3           IPoIB
#Spark                  3.1.3           ETHERNET
#Spark                  3.1.3           IPoIB
#Spark-YARN             3.1.3           ETHERNET
#Spark-YARN             3.1.3           IPoIB
#Spark                  3.2.4           ETHERNET
#Spark                  3.2.4           IPoIB
#Spark-YARN             3.2.4           ETHERNET
#Spark-YARN             3.2.4           IPoIB
#Spark                  3.3.4           ETHERNET
#Spark                  3.3.4           IPoIB
#Spark-YARN             3.3.4           ETHERNET
#Spark-YARN             3.3.4		IPoIB
#Spark                  3.4.4          	ETHERNET
#Spark                  3.4.4       	IPoIB
#Spark-YARN             3.4.4       	ETHERNET
#Spark-YARN             3.4.4       	IPoIB
#Spark                  3.5.9       	ETHERNET
#Spark                  3.5.9       	IPoIB
#Spark-YARN             3.5.9        	ETHERNET
#Spark-YARN             3.5.9        	IPoIB
#Spark                  4.0.4       	ETHERNET
#Spark                  4.0.4       	IPoIB
#Spark-YARN             4.0.4        	ETHERNET
#Spark-YARN             4.0.4        	IPoIB
#Spark                  4.1.3       	ETHERNET
#Spark                  4.1.3       	IPoIB
#Spark-YARN             4.1.3        	ETHERNET
#Spark-YARN             4.1.3        	IPoIB
#Spark                  4.2.0       	ETHERNET
#Spark                  4.2.0       	IPoIB
#Spark-YARN             4.2.0        	ETHERNET
#Spark-YARN             4.2.0        	IPoIB
#Flink			1.15.4		ETHERNET
#Flink			1.15.4		IPoIB
#Flink-YARN		1.15.4		ETHERNET
#Flink-YARN		1.15.4		IPoIB
#Flink			1.16.3		ETHERNET
#Flink			1.16.3		IPoIB
#Flink-YARN		1.16.3		ETHERNET
#Flink-YARN		1.16.3		IPoIB
#Flink			1.17.2		ETHERNET
#Flink			1.17.2		IPoIB
#Flink-YARN		1.17.2		ETHERNET
#Flink-YARN		1.17.2		IPoIB
#Flink			1.18.1		ETHERNET
#Flink			1.18.1		IPoIB
#Flink-YARN		1.18.1		ETHERNET
#Flink-YARN		1.18.1		IPoIB
#Flink			1.19.3		ETHERNET
#Flink			1.19.3		IPoIB
#Flink-YARN		1.19.3		ETHERNET
#Flink-YARN		1.19.3		IPoIB
#Flink			1.20.5		ETHERNET
#Flink			1.20.5		IPoIB
#Flink-YARN		1.20.5		ETHERNET
#Flink-YARN		1.20.5		IPoIB
