#Framework		#Version	#Network
#Hadoop-YARN		2.10.2		ETH
#Hadoop-YARN		2.10.2		IPoIB
#Hadoop-YARN		3.0.3		ETH
#Hadoop-YARN		3.0.3		IPoIB
#Hadoop-YARN		3.1.4		ETH
#Hadoop-YARN		3.1.4		IPoIB
#Hadoop-YARN		3.2.4		ETH
#Hadoop-YARN		3.2.4		IPoIB
#Hadoop-YARN		3.3.6		ETH
#Hadoop-YARN		3.3.6		IPoIB
#Hadoop-YARN		3.4.3		ETH
#Hadoop-YARN		3.4.3		IPoIB
Hadoop-YARN		3.5.0		ETH
#Hadoop-YARN		3.5.0		IPoIB
#RDMA-Hadoop-3		0.9.1		IB
#RDMA-Hadoop-3		0.9.1		RoCE
#Spark			2.4.8		ETH
#Spark			2.4.8		IPoIB
#Spark-YARN		2.4.8		ETH
#Spark-YARN		2.4.8		IPoIB
#Spark                  3.0.3           ETH
#Spark                  3.0.3           IPoIB
#Spark-YARN             3.0.3           ETH
#Spark-YARN             3.0.3           IPoIB
#Spark                  3.1.3           ETH
#Spark                  3.1.3           IPoIB
#Spark-YARN             3.1.3           ETH
#Spark-YARN             3.1.3           IPoIB
#Spark                  3.2.4           ETH
#Spark                  3.2.4           IPoIB
#Spark-YARN             3.2.4           ETH
#Spark-YARN             3.2.4           IPoIB
#Spark                  3.3.4           ETH
#Spark                  3.3.4           IPoIB
#Spark-YARN             3.3.4           ETH
#Spark-YARN             3.3.4		IPoIB
#Spark                  3.4.4          	ETH
#Spark                  3.4.4       	IPoIB
#Spark-YARN             3.4.4       	ETH
#Spark-YARN             3.4.4       	IPoIB
#Spark                  3.5.9       	ETH
#Spark                  3.5.9       	IPoIB
#Spark-YARN             3.5.9        	ETH
#Spark-YARN             3.5.9        	IPoIB
#Spark                  4.0.4       	ETH
#Spark                  4.0.4       	IPoIB
#Spark-YARN             4.0.4        	ETH
#Spark-YARN             4.0.4        	IPoIB
#Spark                  4.1.3       	ETH
#Spark                  4.1.3       	IPoIB
#Spark-YARN             4.1.3        	ETH
#Spark-YARN             4.1.3        	IPoIB
#Spark                  4.2.0       	ETH
#Spark                  4.2.0       	IPoIB
#Spark-YARN             4.2.0        	ETH
#Spark-YARN             4.2.0        	IPoIB
#Flink			1.15.4		ETH
#Flink			1.15.4		IPoIB
#Flink-YARN		1.15.4		ETH
#Flink-YARN		1.15.4		IPoIB
#Flink			1.16.3		ETH
#Flink			1.16.3		IPoIB
#Flink-YARN		1.16.3		ETH
#Flink-YARN		1.16.3		IPoIB
#Flink			1.17.2		ETH
#Flink			1.17.2		IPoIB
#Flink-YARN		1.17.2		ETH
#Flink-YARN		1.17.2		IPoIB
#Flink			1.18.1		ETH
#Flink			1.18.1		IPoIB
#Flink-YARN		1.18.1		ETH
#Flink-YARN		1.18.1		IPoIB
#Flink			1.19.3		ETH
#Flink			1.19.3		IPoIB
#Flink-YARN		1.19.3		ETH
#Flink-YARN		1.19.3		IPoIB
#Flink			1.20.5		ETH
#Flink			1.20.5		IPoIB
#Flink-YARN		1.20.5		ETH
#Flink-YARN		1.20.5		IPoIB
